[medic-life.com.mx/wp-content/uploads/2021/06/cropped-ICONO_AMEDICALL_LOGO-1-32x32.png]
[medic-life.com.mx/wp-content/uploads/2021/06/cropped-ICONO_AMEDICALL_LOGO-1-192x192.png]
[medic-life.com.mx/wp-content/uploads/2021/06/cropped-ICONO_AMEDICALL_LOGO-1-180x180.png]
[medic-life.com.mx/wp-content/uploads/2021/06/cropped-ICONO_AMEDICALL_LOGO-1-270x270.png]
[medic-life.com.mx/wp-content/uploads/2021/06/cropped-ICONO_AMEDICALL_LOGO.png]
[backblue.gif]
[fade.gif]
[index.html]
[medic-life.com.mx/feed/index.html]
[medic-life.com.mx/comments/feed/index.html]
[medic-life.com.mx/wp-includes/js/jquery/jquery.mina767.js]
[medic-life.com.mx/wp-includes/js/jquery/jquery-migrate.min6b00.js]
[medic-life.com.mx/wp-json/index.html]
[medic-life.com.mx/wp-json/wp/v2/pages/7477.json]
[medic-life.com.mx/xmlrpc0db0.php]
[medic-life.com.mx/wp-includes/wlwmanifest.xml]
[medic-life.com.mx/wp-json/oembed/1.0/embeda2fa.json]
[medic-life.com.mx/wp-json/oembed/1.0/embed6512]
[medic-life.com.mx/wp-content/uploads/2021/08/header_web_medic-life-1-1.jpg]
[medic-life.com.mx/wp-content/uploads/2021/06/ICONO_AMEDICALL_LOGO.gif]
[medic-life.com.mx/wp-content/uploads/2021/07/MedicLife_logochico.png]
[medic-life.com.mx/wp-content/plugins/revslider/public/assets/assets/dummy.png]
[medic-life.com.mx/wp-content/uploads/2020/10/icon-2-1.png]
[medic-life.com.mx/wp-content/uploads/2020/10/icon-3-1.png]
[medic-life.com.mx/wp-content/uploads/2021/06/Copia-de-medico_a-medicall-1.png]
[medic-life.com.mx/wp-content/uploads/2021/06/especialidades_angiologia-300x300.png]
[medic-life.com.mx/wp-content/uploads/2021/06/especialidades_neurologia-300x300.png]
[medic-life.com.mx/wp-content/uploads/2021/06/especialidades_cardio-300x300.png]
[medic-life.com.mx/wp-content/uploads/2021/06/especialidades_gastroenterologia-300x300.png]
[medic-life.com.mx/wp-content/uploads/2021/06/especialidades_gineco-300x300.png]
[medic-life.com.mx/wp-content/uploads/2021/06/especialidades_medicina_interna-300x300.png]
[medic-life.com.mx/wp-content/uploads/2021/06/especialidades_ofta-300x300.png]
[medic-life.com.mx/wp-content/uploads/2021/06/especialidades_oncologia-300x300.png]
[medic-life.com.mx/wp-content/uploads/2021/06/especialidades_orto-300x300.png]
[medic-life.com.mx/wp-content/uploads/2021/06/especialidades_otorrino-300x300.png]
[medic-life.com.mx/wp-content/uploads/2021/06/especialidades_pediatria-300x300.png]
[medic-life.com.mx/wp-content/uploads/2021/06/especialidades_urologia-300x300.png]
[medic-life.com.mx/wp-content/plugins/revslider/public/assets/fonts/font-awesome/fonts/fontawesome-webfont3e6e.woff2]
[medic-life.com.mx/wp-content/plugins/contact-form-7/includes/swv/js/index9f31.js]
[medic-life.com.mx/wp-content/plugins/contact-form-7/includes/js/index9f31.js]
[medic-life.com.mx/wp-content/plugins/iqonic-extensions/assest/js/jQuery.countdownTimer.min8a54.js]
[medic-life.com.mx/wp-content/plugins/iqonic-extensions/assest/js/timeline8a54.js]
[medic-life.com.mx/wp-content/plugins/iqonic-extensions/assest/js/circle-progress.min8a54.js]
[medic-life.com.mx/wp-content/plugins/iqonic-extensions/assest/js/timeline.min8a54.js]
[medic-life.com.mx/wp-content/plugins/iqonic-extensions/assest/js/slick.min8a54.js]
[medic-life.com.mx/wp-content/plugins/iqonic-extensions/assest/js/swiper.min8a54.js]
[medic-life.com.mx/wp-content/plugins/iqonic-extensions/assest/js/popper.min8a54.js]
[medic-life.com.mx/wp-content/plugins/iqonic-extensions/assest/js/skrollr8a54.js]
[medic-life.com.mx/wp-content/plugins/iqonic-extensions/assest/js/iqonic-extenstion8a54.js]
[medic-life.com.mx/wp-content/plugins/revslider/public/assets/js/rbtools.min380f.js]
[medic-life.com.mx/wp-content/plugins/revslider/public/assets/js/rs6.min380f.js]
[medic-life.com.mx/wp-content/themes/kivicare/assets/js/bootstrap.min6f3e.js]
[medic-life.com.mx/wp-content/themes/kivicare/assets/js/appear5152.js]
[medic-life.com.mx/wp-content/themes/kivicare/assets/js/wow.min5152.js]
[medic-life.com.mx/wp-content/themes/kivicare/assets/js/kivicare-custom5152.js]
[medic-life.com.mx/wp-content/themes/kivicare/woocommerce/assets/kivicare-wishlist5152.js]
[medic-life.com.mx/wp-content/plugins/elementor/assets/js/webpack.runtime.min12f9.js]
[medic-life.com.mx/wp-content/plugins/elementor/assets/js/frontend-modules.min12f9.js]
[medic-life.com.mx/wp-content/plugins/elementor/assets/lib/waypoints/waypoints.min05da.js]
[medic-life.com.mx/wp-includes/js/jquery/ui/core.min3f14.js]
[medic-life.com.mx/wp-content/plugins/elementor/assets/js/frontend.min12f9.js]
[medic-life.com.mx/wp-content/plugins/iqonic-extensions/assest/js/swiper-bundle.min8a54.js]
[medic-life.com.mx/wp-content/plugins/iqonic-extensions/assest/js/jquery.countTo8a54.js]
[medic-life.com.mx/wp-includes/js/underscore.mind584.js]
[medic-life.com.mx/wp-includes/js/wp-util.minae48.js]
[medic-life.com.mx/wp-content/plugins/wpforms/assets/js/integrations/elementor/frontend.min093d.js]
[medic-life.com.mx/wp-content/plugins/wpforms/assets/js/jquery.validate.minb3a6.js]
[medic-life.com.mx/wp-content/plugins/wpforms/assets/js/mailcheck.mincfa9.js]
[medic-life.com.mx/wp-content/plugins/wpforms/assets/js/wpforms093d.js]
[medic-life.com.mx/index.html]
[medic-life.com.mx/wp-includes/css/dist/block-library/style.minae48.css]
[medic-life.com.mx/wp-includes/css/classic-themes.minae48.css]
[medic-life.com.mx/wp-content/plugins/Marvy-Ultimate-Elementor-Animation-Addons/elementor/assets/css/marvy-custom-procc1a.css]
[medic-life.com.mx/wp-content/plugins/contact-form-7/includes/css/styles9f31.css]
[medic-life.com.mx/wp-content/plugins/iqonic-extensions/assest/fonts/ionicons28b5.eot]
[medic-life.com.mx/wp-content/plugins/iqonic-extensions/assest/fonts/ionicons28b5.ttf]
[medic-life.com.mx/wp-content/plugins/iqonic-extensions/assest/fonts/ionicons28b5.woff]
[medic-life.com.mx/wp-content/plugins/iqonic-extensions/assest/css/ionicons.min001e.css]
[medic-life.com.mx/wp-content/plugins/iqonic-extensions/assest/fonts/typicon.eot]
[medic-life.com.mx/wp-content/plugins/iqonic-extensions/assest/fonts/typicond41d.eot]
[medic-life.com.mx/wp-content/plugins/iqonic-extensions/assest/fonts/typicon.woff]
[medic-life.com.mx/wp-content/plugins/iqonic-extensions/assest/css/typicon.minffdc.css]
[medic-life.com.mx/wp-content/plugins/iqonic-extensions/assest/fonts/Flaticon.eot]
[medic-life.com.mx/wp-content/plugins/iqonic-extensions/assest/fonts/Flaticond41d.eot]
[medic-life.com.mx/wp-content/plugins/iqonic-extensions/assest/fonts/Flaticon.woff2]
[medic-life.com.mx/wp-content/plugins/iqonic-extensions/assest/fonts/Flaticon.woff]
[medic-life.com.mx/wp-content/plugins/iqonic-extensions/assest/fonts/Flaticon.ttf]
[medic-life.com.mx/wp-content/plugins/iqonic-extensions/assest/css/flaticon8a54.css]
[medic-life.com.mx/wp-content/plugins/iqonic-extensions/assest/css/timeline5152.css]
[medic-life.com.mx/wp-content/plugins/iqonic-extensions/assest/img/circle.png]
[medic-life.com.mx/wp-content/plugins/iqonic-extensions/assest/css/iqonic-extenstionae48.css]
[medic-life.com.mx/wp-content/plugins/marvy-animation-addons-for-elementor-lite/elementor/assets/css/marvy-custom905d.css]
[medic-life.com.mx/wp-content/themes/kivicare/assets/css/wow3088.css]
[medic-life.com.mx/wp-content/themes/kivicare/assets/css/animate.mina352.css]
[medic-life.com.mx/wp-content/themes/kivicare/assets/css/bootstrap.mina352.css]
[medic-life.com.mx/wp-content/plugins/elementor/assets/lib/font-awesome/fonts/fontawesome-webfont3e6e.eot]
[medic-life.com.mx/wp-content/plugins/elementor/assets/lib/font-awesome/fonts/fontawesome-webfontd41d.eot]
[medic-life.com.mx/wp-content/plugins/elementor/assets/lib/font-awesome/fonts/fontawesome-webfont3e6e.woff2]
[medic-life.com.mx/wp-content/plugins/elementor/assets/lib/font-awesome/fonts/fontawesome-webfont3e6e.woff]
[medic-life.com.mx/wp-content/plugins/elementor/assets/lib/font-awesome/fonts/fontawesome-webfont3e6e.ttf]
[medic-life.com.mx/wp-content/plugins/elementor/assets/lib/font-awesome/css/font-awesome.min1849.css]
[medic-life.com.mx/wp-content/themes/kivicare/assets/css/kivicare-style5152.css]
[medic-life.com.mx/wp-content/themes/kivicare/assets/css/responsive5152.css]
[medic-life.com.mx/wp-content/plugins/elementor/assets/lib/eicons/fonts/eicons1ecc.eot]
[medic-life.com.mx/wp-content/plugins/elementor/assets/lib/eicons/fonts/eicons1ecc.woff2]
[medic-life.com.mx/wp-content/plugins/elementor/assets/lib/eicons/fonts/eicons1ecc.woff]
[medic-life.com.mx/wp-content/plugins/elementor/assets/lib/eicons/fonts/eicons1ecc.ttf]
[medic-life.com.mx/wp-content/plugins/elementor/assets/lib/eicons/css/elementor-icons.mine127.css]
[medic-life.com.mx/wp-content/plugins/elementor/assets/css/frontend.min12f9.css]
[medic-life.com.mx/wp-content/uploads/elementor/css/post-7751e469.css]
[medic-life.com.mx/wp-content/uploads/elementor/css/global4ee8.css]
[medic-life.com.mx/wp-content/uploads/2021/06/Banner_2_Amedicall_doctor.png]
[medic-life.com.mx/wp-content/uploads/2021/06/slider_medical_4.png]
[medic-life.com.mx/wp-content/uploads/elementor/css/post-747781dc.css]
[medic-life.com.mx/wp-includes/js/zxcvbn-async.min5152.js]
[medic-life.com.mx/wp-includes/js/dist/vendor/wp-polyfill-inert.min0226.js]
[medic-life.com.mx/wp-includes/js/dist/vendor/regenerator-runtime.min8fa4.js]
[medic-life.com.mx/wp-includes/js/dist/vendor/wp-polyfill.min2c7c.js]
[medic-life.com.mx/wp-includes/js/dist/hooks.min6c65.js]
[medic-life.com.mx/wp-includes/js/dist/i18n.mine57b.js]
[medic-life.com.mx/wp-login.html]
[medic-life.com.mx/wp-content/plugins/revslider/public/assets/fonts/font-awesome/fonts/fontawesome-webfont3e6e.eot]
[medic-life.com.mx/wp-content/plugins/revslider/public/assets/fonts/font-awesome/fonts/fontawesome-webfontd41d.eot]
[medic-life.com.mx/wp-content/plugins/revslider/public/assets/fonts/font-awesome/fonts/fontawesome-webfont3e6e.woff]
[medic-life.com.mx/wp-content/plugins/revslider/public/assets/fonts/font-awesome/fonts/fontawesome-webfont3e6e.ttf]
[medic-life.com.mx/wp-content/plugins/revslider/public/assets/fonts/font-awesome/css/font-awesome.css]
[medic-life.com.mx/wp-content/plugins/iqonic-extensions/assest/fonts/slick.eot]
[medic-life.com.mx/wp-content/plugins/iqonic-extensions/assest/fonts/slickd41d.eot]
[medic-life.com.mx/wp-content/plugins/iqonic-extensions/assest/fonts/slick.woff]
[medic-life.com.mx/wp-content/plugins/iqonic-extensions/assest/fonts/slick.ttf]
[medic-life.com.mx/wp-content/plugins/iqonic-extensions/assest/css/slick-themeae48.css]
[medic-life.com.mx/wp-content/plugins/iqonic-extensions/assest/css/slickae48.css]
[medic-life.com.mx/wp-content/plugins/iqonic-extensions/assest/css/swiper-bundle.minae48.css]
[medic-life.com.mx/wp-content/plugins/elementor/assets/lib/animations/animations.min12f9.css]
[medic-life.com.mx/wp-content/plugins/revslider/public/assets/fonts/revicons/revicons90c6.eot]
[medic-life.com.mx/wp-content/plugins/revslider/public/assets/fonts/revicons/revicons90c6.woff]
[medic-life.com.mx/wp-content/plugins/revslider/public/assets/fonts/revicons/revicons90c6.ttf]
[medic-life.com.mx/wp-content/plugins/revslider/public/assets/assets/gridtile.png]
[medic-life.com.mx/wp-content/plugins/revslider/public/assets/assets/gridtile_white.png]
[medic-life.com.mx/wp-content/plugins/revslider/public/assets/assets/gridtile_3x3.png]
[medic-life.com.mx/wp-content/plugins/revslider/public/assets/assets/gridtile_3x3_white.png]
[medic-life.com.mx/wp-content/plugins/revslider/public/assets/assets/coloredbg.png]
[medic-life.com.mx/wp-content/plugins/revslider/public/assets/assets/loader.gif]
[medic-life.com.mx/wp-content/plugins/revslider/public/assets/css/rs6380f.css]
[medic-life.com.mx/wp-content/plugins/wpforms/assets/css/wpforms-full.min093d.css]
[medic-life.com.mx/wp-content/plugins/iqonic-extensions/assest/fonts/ionicons28b5.svg]
[medic-life.com.mx/wp-content/plugins/iqonic-extensions/assest/css/typicon.html]
[medic-life.com.mx/wp-content/plugins/iqonic-extensions/assest/fonts/typicon.svg]
[medic-life.com.mx/wp-content/plugins/iqonic-extensions/assest/fonts/Flaticon.svg]
[medic-life.com.mx/wp-content/plugins/elementor/assets/lib/font-awesome/fonts/fontawesome-webfont3e6e.svg]
[medic-life.com.mx/wp-content/plugins/elementor/assets/lib/eicons/fonts/eicons1ecc.svg]
[medic-life.com.mx/wp-includes/fonts/dashicons7d4b.eot]
[medic-life.com.mx/wp-includes/fonts/dashicons7d4b.ttf]
[medic-life.com.mx/wp-includes/css/dashicons.minae48.css]
[medic-life.com.mx/wp-includes/css/buttons.minae48.css]
[cdn1.iconfinder.com/data/icons/cc_mono_icon_set/blacks/16x16/96843.png]
[medic-life.com.mx/wp-content/plugins/kivicare-clinic-management-system/assets/css/app.min6173.css]
[medic-life.com.mx/wp-loginc2b6.html]
[medic-life.com.mx/wp-json/wp/v2/pages/3.json]
[medic-life.com.mx/privacy-policy-2/feed/index.html]
[medic-life.com.mx/wp-json/oembed/1.0/embed9bf9.json]
[medic-life.com.mx/wp-json/oembed/1.0/embeda009]
[medic-life.com.mx/privacy-policy-2/index.html]
[medic-life.com.mx/wp-content/plugins/revslider/public/assets/fonts/font-awesome/fonts/fontawesome-webfont3e6e.svg]
[medic-life.com.mx/wp-content/plugins/iqonic-extensions/assest/fonts/slick.svg]
[medic-life.com.mx/wp-content/plugins/revslider/public/assets/fonts/revicons/revicons90c6.svg]
[medic-life.com.mx/wp-content/plugins/revslider/public/assets/css/openhand.html]
[medic-life.com.mx/wp-content/plugins/revslider/public/assets/css/closedhand.html]
[medic-life.com.mx/wp-content/plugins/wpforms/assets/images/times-solid-white.svg]
[medic-life.com.mx/index2207.html]
[medic-life.com.mx/xmlrpc.php]
